// Jest Snapshot v1, https://goo.gl/fbAQLP

exports[`get-sdk-repos custom-config on dotnet-vnext for repository "martincostello/website" outputs the correct repositories 1`] = `"[{"channel":"","dotnet-prerelease-label":"","exclude-nuget-packages":"SomeExcludedPackage","include-nuget-packages":"SomeIncludedPackage","labels":"dependencies,.NET","quality":"","ref":"dotnet-vnext","repo":"martincostello/website","update-nuget-packages":false}]"`;

exports[`get-sdk-repos custom-config on dotnet-vnext for repository "website" outputs the correct repositories 1`] = `"[{"channel":"","dotnet-prerelease-label":"","exclude-nuget-packages":"SomeExcludedPackage","include-nuget-packages":"SomeIncludedPackage","labels":"dependencies,.NET","quality":"","ref":"dotnet-vnext","repo":"martincostello/website","update-nuget-packages":false}]"`;

exports[`get-sdk-repos empty-custom-config on dotnet-vnext for repository "martincostello/website" outputs the correct repositories 1`] = `"[{"channel":"","dotnet-prerelease-label":"","exclude-nuget-packages":"","include-nuget-packages":"Microsoft.AspNetCore.,Microsoft.EntityFrameworkCore,Microsoft.Extensions.,System.Text.Json","labels":"dependencies,.NET","quality":"","ref":"dotnet-vnext","repo":"martincostello/website","update-nuget-packages":true}]"`;

exports[`get-sdk-repos ignored on dotnet-vnext for repository "martincostello/website" outputs the correct repositories 1`] = `"[]"`;

exports[`get-sdk-repos multiple on dotnet-vnext for repository "" outputs the correct repositories 1`] = `"[{"channel":"","dotnet-prerelease-label":"","exclude-nuget-packages":"","include-nuget-packages":"Microsoft.AspNetCore.,Microsoft.EntityFrameworkCore,Microsoft.Extensions.,System.Text.Json","labels":"dependencies,.NET","quality":"","ref":"dotnet-vnext","repo":"martincostello/adventofcode","update-nuget-packages":true},{"channel":"","dotnet-prerelease-label":"","exclude-nuget-packages":"","include-nuget-packages":"Microsoft.AspNetCore.,Microsoft.EntityFrameworkCore,Microsoft.Extensions.,System.Text.Json","labels":"dependencies,.NET","quality":"","ref":"dotnet-vnext","repo":"martincostello/alexa-london-travel","update-nuget-packages":true},{"channel":"","dotnet-prerelease-label":"","exclude-nuget-packages":"","include-nuget-packages":"Microsoft.AspNetCore.,Microsoft.EntityFrameworkCore,Microsoft.Extensions.,System.Text.Json","labels":"dependencies,.NET","quality":"","ref":"dotnet-vnext","repo":"martincostello/website","update-nuget-packages":true}]"`;

exports[`get-sdk-repos multiple on dotnet-vnext for repository "martincostello/website" outputs the correct repositories 1`] = `"[{"channel":"","dotnet-prerelease-label":"","exclude-nuget-packages":"","include-nuget-packages":"Microsoft.AspNetCore.,Microsoft.EntityFrameworkCore,Microsoft.Extensions.,System.Text.Json","labels":"dependencies,.NET","quality":"","ref":"dotnet-vnext","repo":"martincostello/website","update-nuget-packages":true}]"`;

exports[`get-sdk-repos nightly on dotnet-nightly for repository "" outputs the correct repositories 1`] = `"[{"channel":"8.0.1xx","dotnet-prerelease-label":"","exclude-nuget-packages":"","include-nuget-packages":"Microsoft.AspNetCore.,Microsoft.EntityFrameworkCore,Microsoft.Extensions.,System.Text.Json","labels":"dependencies,.NET","quality":"daily","ref":"dotnet-nightly","repo":"martincostello/adventofcode","update-nuget-packages":true},{"channel":"8.0.1xx","dotnet-prerelease-label":"","exclude-nuget-packages":"","include-nuget-packages":"Microsoft.AspNetCore.,Microsoft.EntityFrameworkCore,Microsoft.Extensions.,System.Text.Json","labels":"dependencies,.NET","quality":"daily","ref":"dotnet-nightly","repo":"martincostello/alexa-london-travel","update-nuget-packages":true},{"channel":"8.0.1xx","dotnet-prerelease-label":"","exclude-nuget-packages":"","include-nuget-packages":"Microsoft.AspNetCore.,Microsoft.EntityFrameworkCore,Microsoft.Extensions.,System.Text.Json","labels":"dependencies,.NET","quality":"daily","ref":"dotnet-nightly","repo":"martincostello/website","update-nuget-packages":true}]"`;
