// Jest Snapshot v1, https://goo.gl/fbAQLP

exports[`is-dotnet-commit-available finding a pull request the is-available output is correct 1`] = `"true"`;
