// Jest Snapshot v1, https://goo.gl/fbAQLP

exports[`dotnet-upgrade-report generating a report for dotnet-vnext outputs the Markdown report 1`] = `
"# .NET vNext Upgrade Report

| Pull Request | SDK Version | Build Status | Conflicts? |
| :----------- | :---------- | :----------- | :--------: |
| [martincostello/website#1398](https://github.com/martincostello/website/pull/1398) | [![.NET SDK version](https://img.shields.io/badge/SDK-8.0.100--preview.7.23376.3-512BD4?logo=dotnet)](https://github.com/martincostello/website/blob/dotnet-vnext/global.json#L3) | [![Build: success](https://img.shields.io/badge/build-success-brightgreen?logo=github)](https://github.com/martincostello/website/pull/1398) | [![Merge conflicts?](https://img.shields.io/badge/Conflicts-No-brightgreen?logo=git)](https://github.com/martincostello/website/pull/1398) |

Generated by [GitHub Actions](https://github.com/martincostello/github-automation/actions/runs/42)"
`;
